com\app\jobTS\sign\job\dto\task\TaskDTO.class
com\app\jobTS\sign\job\dto\task\TaskBacklogDto.class
com\app\jobTS\sign\job\entity\Project.class
com\app\jobTS\sign\premum\service\PremiumService.class
com\app\jobTS\sign\job\dto\comment\CommentDto.class
com\app\jobTS\sign\job\controller\EnumController.class
com\app\jobTS\sign\job\controller\SprintStatusController.class
com\app\jobTS\sign\job\dto\task\TaskUserDto.class
com\app\jobTS\sign\job\repository\BacklogRepository.class
com\app\jobTS\sign\job\repository\SprintRepository.class
com\app\jobTS\sign\job\entity\Sprint.class
com\app\jobTS\sign\invitation\service\InviteService.class
com\app\jobTS\sign\job\entity\Task.class
com\app\jobTS\sign\invitation\dto\SendRequestDto.class
com\app\jobTS\sign\base\model\BaseEntity.class
com\app\jobTS\sign\job\controller\CommentsController.class
com\app\jobTS\sign\job\controller\JobController.class
com\app\jobTS\sign\job\model\TaskType.class
com\app\jobTS\sign\job\entity\Backlog.class
com\app\jobTS\sign\auth\repository\UserRepository.class
com\app\jobTS\sign\invitation\reponsitory\InviteRepository.class
com\app\jobTS\sign\job\dto\sprint\SprintResponseStatus.class
com\app\jobTS\sign\job\dto\task\TaskRequestDTO.class
com\app\jobTS\sign\auth\security\JwtAuthenticationFilter.class
com\app\jobTS\sign\auth\dto\UserUpdateDto.class
com\app\jobTS\sign\job\service\JobService.class
com\app\jobTS\sign\invitation\dto\InviteUserDto.class
com\app\jobTS\sign\job\dto\sprint\SprintRequestDto.class
com\app\jobTS\sign\job\model\SprintStatus.class
com\app\jobTS\sign\auth\model\Role.class
com\app\jobTS\sign\FileUpload\controller\FileUploadController.class
com\app\jobTS\sign\job\dto\project\ProjectDto.class
com\app\jobTS\sign\job\dto\task\TaskProjectDto.class
com\app\jobTS\sign\auth\dto\RegisterRequest.class
com\app\jobTS\sign\config\SecurityConfiguration.class
com\app\jobTS\sign\auth\service\UserDetailsServiceImpl.class
com\app\jobTS\sign\job\service\JobServiceImpl.class
com\app\jobTS\sign\premum\model\Premium.class
com\app\jobTS\sign\Application.class
com\app\jobTS\sign\auth\controller\AuthController.class
com\app\jobTS\sign\base\model\BaseResponse.class
com\app\jobTS\sign\invitation\dto\SendResponseDto.class
com\app\jobTS\sign\auth\controller\UserController.class
com\app\jobTS\sign\job\dto\task\TaskSprintDto.class
com\app\jobTS\sign\invitation\dto\InviteDto.class
com\app\jobTS\sign\invitation\model\Invite.class
com\app\jobTS\sign\constant\JobConstant.class
com\app\jobTS\sign\auth\dto\UserResponse.class
com\app\jobTS\sign\job\repository\SprintTriggerCodeRepository.class
com\app\jobTS\sign\auth\dto\PremiumDto.class
com\app\jobTS\sign\job\model\Priority.class
com\app\jobTS\sign\job\repository\CommentRepository.class
com\app\jobTS\sign\auth\dto\UserRegistrationDto.class
com\app\jobTS\sign\job\service\SprintTriggerCodeServiceImp.class
com\app\jobTS\sign\invitation\model\InviteStatus.class
com\app\jobTS\sign\job\entity\Comment.class
com\app\jobTS\sign\job\controller\TasksController.class
com\app\jobTS\sign\job\controller\SprintController.class
com\app\jobTS\sign\invitation\dto\InviteProjectDto.class
com\app\jobTS\sign\premum\exception\UserNotFoundExceptionHandler.class
com\app\jobTS\sign\job\dto\project\ProjectRequestDto.class
com\app\jobTS\sign\premum\repository\OldPremiumRepository.class
com\app\jobTS\sign\job\entity\SprintTriggerCode.class
com\app\jobTS\sign\auth\model\User.class
com\app\jobTS\sign\auth\dto\UserDto.class
com\app\jobTS\sign\job\service\BacklogServiceImpl.class
com\app\jobTS\sign\premum\dto\PremiumDto.class
com\app\jobTS\sign\job\dto\project\ProjectTaskDTO.class
com\app\jobTS\sign\auth\dto\LoginRequest.class
com\app\jobTS\sign\premum\model\OldPremium.class
com\app\jobTS\sign\job\dto\sprint\SprintTaskDTO.class
com\app\jobTS\sign\premum\exception\UserNotFoundException.class
com\app\jobTS\sign\auth\dto\UserResponseStatus.class
com\app\jobTS\sign\invitation\controller\InvitationController.class
com\app\jobTS\sign\job\dto\task\CreateTaskDTO.class
com\app\jobTS\sign\job\dto\sprint\SprintDto.class
com\app\jobTS\sign\job\repository\JobRepository.class
com\app\jobTS\sign\job\model\TaskStatus.class
com\app\jobTS\sign\job\repository\ProjectRepository.class
com\app\jobTS\sign\premum\controller\PremiumController.class
com\app\jobTS\sign\premum\model\PremiumType.class
com\app\jobTS\sign\auth\dto\ResetPasswordRequestDto.class
com\app\jobTS\sign\invitation\dto\InviteRequestDto.class
com\app\jobTS\sign\job\dto\project\ProjectUserDto.class
com\app\jobTS\sign\job\service\SprintServiceImp.class
com\app\jobTS\sign\premum\repository\PremiumRepository.class
com\app\jobTS\sign\auth\service\UserService.class
com\app\jobTS\sign\job\controller\BacklogController.class
com\app\jobTS\sign\job\dto\comment\CommentUserDto.class
com\app\jobTS\sign\job\repository\TaskRepository.class
com\app\jobTS\sign\auth\security\JwtProvider.class
com\app\jobTS\sign\auth\service\UserServiceImpl.class
com\app\jobTS\sign\invitation\dto\InvitationResponseStatus.class
