C:\Users\sreek\Downloads\Job-TS-v1-NextJs-SpringBoot-main\Job-TS-v1-NextJs-SpringBoot-main\Backend\src\main\java\com\app\jobTS\sign\Application.java
C:\Users\sreek\Downloads\Job-TS-v1-NextJs-SpringBoot-main\Job-TS-v1-NextJs-SpringBoot-main\Backend\src\main\java\com\app\jobTS\sign\auth\controller\AuthController.java
C:\Users\sreek\Downloads\Job-TS-v1-NextJs-SpringBoot-main\Job-TS-v1-NextJs-SpringBoot-main\Backend\src\main\java\com\app\jobTS\sign\auth\controller\UserController.java
C:\Users\sreek\Downloads\Job-TS-v1-NextJs-SpringBoot-main\Job-TS-v1-NextJs-SpringBoot-main\Backend\src\main\java\com\app\jobTS\sign\auth\dto\LoginRequest.java
C:\Users\sreek\Downloads\Job-TS-v1-NextJs-SpringBoot-main\Job-TS-v1-NextJs-SpringBoot-main\Backend\src\main\java\com\app\jobTS\sign\auth\dto\PremiumDto.java
C:\Users\sreek\Downloads\Job-TS-v1-NextJs-SpringBoot-main\Job-TS-v1-NextJs-SpringBoot-main\Backend\src\main\java\com\app\jobTS\sign\auth\dto\RegisterRequest.java
C:\Users\sreek\Downloads\Job-TS-v1-NextJs-SpringBoot-main\Job-TS-v1-NextJs-SpringBoot-main\Backend\src\main\java\com\app\jobTS\sign\auth\dto\ResetPasswordRequestDto.java
C:\Users\sreek\Downloads\Job-TS-v1-NextJs-SpringBoot-main\Job-TS-v1-NextJs-SpringBoot-main\Backend\src\main\java\com\app\jobTS\sign\auth\dto\UserDto.java
C:\Users\sreek\Downloads\Job-TS-v1-NextJs-SpringBoot-main\Job-TS-v1-NextJs-SpringBoot-main\Backend\src\main\java\com\app\jobTS\sign\auth\dto\UserRegistrationDto.java
C:\Users\sreek\Downloads\Job-TS-v1-NextJs-SpringBoot-main\Job-TS-v1-NextJs-SpringBoot-main\Backend\src\main\java\com\app\jobTS\sign\auth\dto\UserResponse.java
C:\Users\sreek\Downloads\Job-TS-v1-NextJs-SpringBoot-main\Job-TS-v1-NextJs-SpringBoot-main\Backend\src\main\java\com\app\jobTS\sign\auth\dto\UserResponseStatus.java
C:\Users\sreek\Downloads\Job-TS-v1-NextJs-SpringBoot-main\Job-TS-v1-NextJs-SpringBoot-main\Backend\src\main\java\com\app\jobTS\sign\auth\dto\UserUpdateDto.java
C:\Users\sreek\Downloads\Job-TS-v1-NextJs-SpringBoot-main\Job-TS-v1-NextJs-SpringBoot-main\Backend\src\main\java\com\app\jobTS\sign\auth\model\Role.java
C:\Users\sreek\Downloads\Job-TS-v1-NextJs-SpringBoot-main\Job-TS-v1-NextJs-SpringBoot-main\Backend\src\main\java\com\app\jobTS\sign\auth\model\User.java
C:\Users\sreek\Downloads\Job-TS-v1-NextJs-SpringBoot-main\Job-TS-v1-NextJs-SpringBoot-main\Backend\src\main\java\com\app\jobTS\sign\auth\repository\UserRepository.java
C:\Users\sreek\Downloads\Job-TS-v1-NextJs-SpringBoot-main\Job-TS-v1-NextJs-SpringBoot-main\Backend\src\main\java\com\app\jobTS\sign\auth\security\JwtAuthenticationFilter.java
C:\Users\sreek\Downloads\Job-TS-v1-NextJs-SpringBoot-main\Job-TS-v1-NextJs-SpringBoot-main\Backend\src\main\java\com\app\jobTS\sign\auth\security\JwtProvider.java
C:\Users\sreek\Downloads\Job-TS-v1-NextJs-SpringBoot-main\Job-TS-v1-NextJs-SpringBoot-main\Backend\src\main\java\com\app\jobTS\sign\auth\service\UserDetailsServiceImpl.java
C:\Users\sreek\Downloads\Job-TS-v1-NextJs-SpringBoot-main\Job-TS-v1-NextJs-SpringBoot-main\Backend\src\main\java\com\app\jobTS\sign\auth\service\UserService.java
C:\Users\sreek\Downloads\Job-TS-v1-NextJs-SpringBoot-main\Job-TS-v1-NextJs-SpringBoot-main\Backend\src\main\java\com\app\jobTS\sign\auth\service\UserServiceImpl.java
C:\Users\sreek\Downloads\Job-TS-v1-NextJs-SpringBoot-main\Job-TS-v1-NextJs-SpringBoot-main\Backend\src\main\java\com\app\jobTS\sign\base\model\BaseEntity.java
C:\Users\sreek\Downloads\Job-TS-v1-NextJs-SpringBoot-main\Job-TS-v1-NextJs-SpringBoot-main\Backend\src\main\java\com\app\jobTS\sign\base\model\BaseResponse.java
C:\Users\sreek\Downloads\Job-TS-v1-NextJs-SpringBoot-main\Job-TS-v1-NextJs-SpringBoot-main\Backend\src\main\java\com\app\jobTS\sign\config\SecurityConfiguration.java
C:\Users\sreek\Downloads\Job-TS-v1-NextJs-SpringBoot-main\Job-TS-v1-NextJs-SpringBoot-main\Backend\src\main\java\com\app\jobTS\sign\constant\JobConstant.java
C:\Users\sreek\Downloads\Job-TS-v1-NextJs-SpringBoot-main\Job-TS-v1-NextJs-SpringBoot-main\Backend\src\main\java\com\app\jobTS\sign\FileUpload\controller\FileUploadController.java
C:\Users\sreek\Downloads\Job-TS-v1-NextJs-SpringBoot-main\Job-TS-v1-NextJs-SpringBoot-main\Backend\src\main\java\com\app\jobTS\sign\invitation\controller\InvitationController.java
C:\Users\sreek\Downloads\Job-TS-v1-NextJs-SpringBoot-main\Job-TS-v1-NextJs-SpringBoot-main\Backend\src\main\java\com\app\jobTS\sign\invitation\dto\InvitationResponseStatus.java
C:\Users\sreek\Downloads\Job-TS-v1-NextJs-SpringBoot-main\Job-TS-v1-NextJs-SpringBoot-main\Backend\src\main\java\com\app\jobTS\sign\invitation\dto\InviteDto.java
C:\Users\sreek\Downloads\Job-TS-v1-NextJs-SpringBoot-main\Job-TS-v1-NextJs-SpringBoot-main\Backend\src\main\java\com\app\jobTS\sign\invitation\dto\InviteProjectDto.java
C:\Users\sreek\Downloads\Job-TS-v1-NextJs-SpringBoot-main\Job-TS-v1-NextJs-SpringBoot-main\Backend\src\main\java\com\app\jobTS\sign\invitation\dto\InviteRequestDto.java
C:\Users\sreek\Downloads\Job-TS-v1-NextJs-SpringBoot-main\Job-TS-v1-NextJs-SpringBoot-main\Backend\src\main\java\com\app\jobTS\sign\invitation\dto\InviteUserDto.java
C:\Users\sreek\Downloads\Job-TS-v1-NextJs-SpringBoot-main\Job-TS-v1-NextJs-SpringBoot-main\Backend\src\main\java\com\app\jobTS\sign\invitation\dto\SendRequestDto.java
C:\Users\sreek\Downloads\Job-TS-v1-NextJs-SpringBoot-main\Job-TS-v1-NextJs-SpringBoot-main\Backend\src\main\java\com\app\jobTS\sign\invitation\dto\SendResponseDto.java
C:\Users\sreek\Downloads\Job-TS-v1-NextJs-SpringBoot-main\Job-TS-v1-NextJs-SpringBoot-main\Backend\src\main\java\com\app\jobTS\sign\invitation\model\Invite.java
C:\Users\sreek\Downloads\Job-TS-v1-NextJs-SpringBoot-main\Job-TS-v1-NextJs-SpringBoot-main\Backend\src\main\java\com\app\jobTS\sign\invitation\model\InviteStatus.java
C:\Users\sreek\Downloads\Job-TS-v1-NextJs-SpringBoot-main\Job-TS-v1-NextJs-SpringBoot-main\Backend\src\main\java\com\app\jobTS\sign\invitation\reponsitory\InviteRepository.java
C:\Users\sreek\Downloads\Job-TS-v1-NextJs-SpringBoot-main\Job-TS-v1-NextJs-SpringBoot-main\Backend\src\main\java\com\app\jobTS\sign\invitation\service\InviteService.java
C:\Users\sreek\Downloads\Job-TS-v1-NextJs-SpringBoot-main\Job-TS-v1-NextJs-SpringBoot-main\Backend\src\main\java\com\app\jobTS\sign\job\controller\BacklogController.java
C:\Users\sreek\Downloads\Job-TS-v1-NextJs-SpringBoot-main\Job-TS-v1-NextJs-SpringBoot-main\Backend\src\main\java\com\app\jobTS\sign\job\controller\CommentsController.java
C:\Users\sreek\Downloads\Job-TS-v1-NextJs-SpringBoot-main\Job-TS-v1-NextJs-SpringBoot-main\Backend\src\main\java\com\app\jobTS\sign\job\controller\EnumController.java
C:\Users\sreek\Downloads\Job-TS-v1-NextJs-SpringBoot-main\Job-TS-v1-NextJs-SpringBoot-main\Backend\src\main\java\com\app\jobTS\sign\job\controller\JobController.java
C:\Users\sreek\Downloads\Job-TS-v1-NextJs-SpringBoot-main\Job-TS-v1-NextJs-SpringBoot-main\Backend\src\main\java\com\app\jobTS\sign\job\controller\SprintController.java
C:\Users\sreek\Downloads\Job-TS-v1-NextJs-SpringBoot-main\Job-TS-v1-NextJs-SpringBoot-main\Backend\src\main\java\com\app\jobTS\sign\job\controller\SprintStatusController.java
C:\Users\sreek\Downloads\Job-TS-v1-NextJs-SpringBoot-main\Job-TS-v1-NextJs-SpringBoot-main\Backend\src\main\java\com\app\jobTS\sign\job\controller\TasksController.java
C:\Users\sreek\Downloads\Job-TS-v1-NextJs-SpringBoot-main\Job-TS-v1-NextJs-SpringBoot-main\Backend\src\main\java\com\app\jobTS\sign\job\dto\comment\CommentDto.java
C:\Users\sreek\Downloads\Job-TS-v1-NextJs-SpringBoot-main\Job-TS-v1-NextJs-SpringBoot-main\Backend\src\main\java\com\app\jobTS\sign\job\dto\comment\CommentUserDto.java
C:\Users\sreek\Downloads\Job-TS-v1-NextJs-SpringBoot-main\Job-TS-v1-NextJs-SpringBoot-main\Backend\src\main\java\com\app\jobTS\sign\job\dto\project\ProjectDto.java
C:\Users\sreek\Downloads\Job-TS-v1-NextJs-SpringBoot-main\Job-TS-v1-NextJs-SpringBoot-main\Backend\src\main\java\com\app\jobTS\sign\job\dto\project\ProjectRequestDto.java
C:\Users\sreek\Downloads\Job-TS-v1-NextJs-SpringBoot-main\Job-TS-v1-NextJs-SpringBoot-main\Backend\src\main\java\com\app\jobTS\sign\job\dto\project\ProjectTaskDTO.java
C:\Users\sreek\Downloads\Job-TS-v1-NextJs-SpringBoot-main\Job-TS-v1-NextJs-SpringBoot-main\Backend\src\main\java\com\app\jobTS\sign\job\dto\project\ProjectUserDto.java
C:\Users\sreek\Downloads\Job-TS-v1-NextJs-SpringBoot-main\Job-TS-v1-NextJs-SpringBoot-main\Backend\src\main\java\com\app\jobTS\sign\job\dto\sprint\SprintDto.java
C:\Users\sreek\Downloads\Job-TS-v1-NextJs-SpringBoot-main\Job-TS-v1-NextJs-SpringBoot-main\Backend\src\main\java\com\app\jobTS\sign\job\dto\sprint\SprintRequestDto.java
C:\Users\sreek\Downloads\Job-TS-v1-NextJs-SpringBoot-main\Job-TS-v1-NextJs-SpringBoot-main\Backend\src\main\java\com\app\jobTS\sign\job\dto\sprint\SprintResponseStatus.java
C:\Users\sreek\Downloads\Job-TS-v1-NextJs-SpringBoot-main\Job-TS-v1-NextJs-SpringBoot-main\Backend\src\main\java\com\app\jobTS\sign\job\dto\sprint\SprintTaskDTO.java
C:\Users\sreek\Downloads\Job-TS-v1-NextJs-SpringBoot-main\Job-TS-v1-NextJs-SpringBoot-main\Backend\src\main\java\com\app\jobTS\sign\job\dto\task\CreateTaskDTO.java
C:\Users\sreek\Downloads\Job-TS-v1-NextJs-SpringBoot-main\Job-TS-v1-NextJs-SpringBoot-main\Backend\src\main\java\com\app\jobTS\sign\job\dto\task\TaskBacklogDto.java
C:\Users\sreek\Downloads\Job-TS-v1-NextJs-SpringBoot-main\Job-TS-v1-NextJs-SpringBoot-main\Backend\src\main\java\com\app\jobTS\sign\job\dto\task\TaskDTO.java
C:\Users\sreek\Downloads\Job-TS-v1-NextJs-SpringBoot-main\Job-TS-v1-NextJs-SpringBoot-main\Backend\src\main\java\com\app\jobTS\sign\job\dto\task\TaskProjectDto.java
C:\Users\sreek\Downloads\Job-TS-v1-NextJs-SpringBoot-main\Job-TS-v1-NextJs-SpringBoot-main\Backend\src\main\java\com\app\jobTS\sign\job\dto\task\TaskRequestDTO.java
C:\Users\sreek\Downloads\Job-TS-v1-NextJs-SpringBoot-main\Job-TS-v1-NextJs-SpringBoot-main\Backend\src\main\java\com\app\jobTS\sign\job\dto\task\TaskSprintDto.java
C:\Users\sreek\Downloads\Job-TS-v1-NextJs-SpringBoot-main\Job-TS-v1-NextJs-SpringBoot-main\Backend\src\main\java\com\app\jobTS\sign\job\dto\task\TaskUserDto.java
C:\Users\sreek\Downloads\Job-TS-v1-NextJs-SpringBoot-main\Job-TS-v1-NextJs-SpringBoot-main\Backend\src\main\java\com\app\jobTS\sign\job\entity\Backlog.java
C:\Users\sreek\Downloads\Job-TS-v1-NextJs-SpringBoot-main\Job-TS-v1-NextJs-SpringBoot-main\Backend\src\main\java\com\app\jobTS\sign\job\entity\Comment.java
C:\Users\sreek\Downloads\Job-TS-v1-NextJs-SpringBoot-main\Job-TS-v1-NextJs-SpringBoot-main\Backend\src\main\java\com\app\jobTS\sign\job\entity\Project.java
C:\Users\sreek\Downloads\Job-TS-v1-NextJs-SpringBoot-main\Job-TS-v1-NextJs-SpringBoot-main\Backend\src\main\java\com\app\jobTS\sign\job\entity\Sprint.java
C:\Users\sreek\Downloads\Job-TS-v1-NextJs-SpringBoot-main\Job-TS-v1-NextJs-SpringBoot-main\Backend\src\main\java\com\app\jobTS\sign\job\entity\SprintTriggerCode.java
C:\Users\sreek\Downloads\Job-TS-v1-NextJs-SpringBoot-main\Job-TS-v1-NextJs-SpringBoot-main\Backend\src\main\java\com\app\jobTS\sign\job\entity\Task.java
C:\Users\sreek\Downloads\Job-TS-v1-NextJs-SpringBoot-main\Job-TS-v1-NextJs-SpringBoot-main\Backend\src\main\java\com\app\jobTS\sign\job\model\Priority.java
C:\Users\sreek\Downloads\Job-TS-v1-NextJs-SpringBoot-main\Job-TS-v1-NextJs-SpringBoot-main\Backend\src\main\java\com\app\jobTS\sign\job\model\SprintStatus.java
C:\Users\sreek\Downloads\Job-TS-v1-NextJs-SpringBoot-main\Job-TS-v1-NextJs-SpringBoot-main\Backend\src\main\java\com\app\jobTS\sign\job\model\TaskStatus.java
C:\Users\sreek\Downloads\Job-TS-v1-NextJs-SpringBoot-main\Job-TS-v1-NextJs-SpringBoot-main\Backend\src\main\java\com\app\jobTS\sign\job\model\TaskType.java
C:\Users\sreek\Downloads\Job-TS-v1-NextJs-SpringBoot-main\Job-TS-v1-NextJs-SpringBoot-main\Backend\src\main\java\com\app\jobTS\sign\job\repository\BacklogRepository.java
C:\Users\sreek\Downloads\Job-TS-v1-NextJs-SpringBoot-main\Job-TS-v1-NextJs-SpringBoot-main\Backend\src\main\java\com\app\jobTS\sign\job\repository\CommentRepository.java
C:\Users\sreek\Downloads\Job-TS-v1-NextJs-SpringBoot-main\Job-TS-v1-NextJs-SpringBoot-main\Backend\src\main\java\com\app\jobTS\sign\job\repository\JobRepository.java
C:\Users\sreek\Downloads\Job-TS-v1-NextJs-SpringBoot-main\Job-TS-v1-NextJs-SpringBoot-main\Backend\src\main\java\com\app\jobTS\sign\job\repository\ProjectRepository.java
C:\Users\sreek\Downloads\Job-TS-v1-NextJs-SpringBoot-main\Job-TS-v1-NextJs-SpringBoot-main\Backend\src\main\java\com\app\jobTS\sign\job\repository\SprintRepository.java
C:\Users\sreek\Downloads\Job-TS-v1-NextJs-SpringBoot-main\Job-TS-v1-NextJs-SpringBoot-main\Backend\src\main\java\com\app\jobTS\sign\job\repository\SprintTriggerCodeRepository.java
C:\Users\sreek\Downloads\Job-TS-v1-NextJs-SpringBoot-main\Job-TS-v1-NextJs-SpringBoot-main\Backend\src\main\java\com\app\jobTS\sign\job\repository\TaskRepository.java
C:\Users\sreek\Downloads\Job-TS-v1-NextJs-SpringBoot-main\Job-TS-v1-NextJs-SpringBoot-main\Backend\src\main\java\com\app\jobTS\sign\job\service\BacklogServiceImpl.java
C:\Users\sreek\Downloads\Job-TS-v1-NextJs-SpringBoot-main\Job-TS-v1-NextJs-SpringBoot-main\Backend\src\main\java\com\app\jobTS\sign\job\service\JobService.java
C:\Users\sreek\Downloads\Job-TS-v1-NextJs-SpringBoot-main\Job-TS-v1-NextJs-SpringBoot-main\Backend\src\main\java\com\app\jobTS\sign\job\service\JobServiceImpl.java
C:\Users\sreek\Downloads\Job-TS-v1-NextJs-SpringBoot-main\Job-TS-v1-NextJs-SpringBoot-main\Backend\src\main\java\com\app\jobTS\sign\job\service\SprintServiceImp.java
C:\Users\sreek\Downloads\Job-TS-v1-NextJs-SpringBoot-main\Job-TS-v1-NextJs-SpringBoot-main\Backend\src\main\java\com\app\jobTS\sign\job\service\SprintTriggerCodeServiceImp.java
C:\Users\sreek\Downloads\Job-TS-v1-NextJs-SpringBoot-main\Job-TS-v1-NextJs-SpringBoot-main\Backend\src\main\java\com\app\jobTS\sign\premum\controller\PremiumController.java
C:\Users\sreek\Downloads\Job-TS-v1-NextJs-SpringBoot-main\Job-TS-v1-NextJs-SpringBoot-main\Backend\src\main\java\com\app\jobTS\sign\premum\dto\PremiumDto.java
C:\Users\sreek\Downloads\Job-TS-v1-NextJs-SpringBoot-main\Job-TS-v1-NextJs-SpringBoot-main\Backend\src\main\java\com\app\jobTS\sign\premum\exception\UserNotFoundException.java
C:\Users\sreek\Downloads\Job-TS-v1-NextJs-SpringBoot-main\Job-TS-v1-NextJs-SpringBoot-main\Backend\src\main\java\com\app\jobTS\sign\premum\exception\UserNotFoundExceptionHandler.java
C:\Users\sreek\Downloads\Job-TS-v1-NextJs-SpringBoot-main\Job-TS-v1-NextJs-SpringBoot-main\Backend\src\main\java\com\app\jobTS\sign\premum\model\OldPremium.java
C:\Users\sreek\Downloads\Job-TS-v1-NextJs-SpringBoot-main\Job-TS-v1-NextJs-SpringBoot-main\Backend\src\main\java\com\app\jobTS\sign\premum\model\Premium.java
C:\Users\sreek\Downloads\Job-TS-v1-NextJs-SpringBoot-main\Job-TS-v1-NextJs-SpringBoot-main\Backend\src\main\java\com\app\jobTS\sign\premum\model\PremiumType.java
C:\Users\sreek\Downloads\Job-TS-v1-NextJs-SpringBoot-main\Job-TS-v1-NextJs-SpringBoot-main\Backend\src\main\java\com\app\jobTS\sign\premum\repository\OldPremiumRepository.java
C:\Users\sreek\Downloads\Job-TS-v1-NextJs-SpringBoot-main\Job-TS-v1-NextJs-SpringBoot-main\Backend\src\main\java\com\app\jobTS\sign\premum\repository\PremiumRepository.java
C:\Users\sreek\Downloads\Job-TS-v1-NextJs-SpringBoot-main\Job-TS-v1-NextJs-SpringBoot-main\Backend\src\main\java\com\app\jobTS\sign\premum\service\PremiumService.java
